Arr (3×2) [ [5.0, 6.0]
          , [1.0, 2.0]
          , [3.0, 4.0] ]
Arr (3×2) [ [2, 4]
          , [1, 0]
          , [0, 1] ]
Arr (3×2) [ [1, 0]
          , [0, 1]
          , [4, 2] ]
Arr (3×4) [ [0.0, 1.0, 2.0, 3.0]
          , [1.0, 2.0, 3.0, 4.0]
          , [2.0, 3.0, 4.0, 5.0] ]
Arr (2×3) [ [0, 2, 3]
          , [1, 4, 5] ]
Arr (3×2) [ [5.0, 6.0]
          , [1.0, 2.0]
          , [3.0, 4.0] ]
Vec 8 [4.0, 4.0, 4.0, 3.0, 3.0, 3.0, 1.0, 1.0]
Vec 8 [4.0, 4.0, 4.0, 3.0, 3.0, 3.0, 1.0, 1.0]
Arr (3×2) [ [0.5, 1.1666666666666665]
          , [2.333333333333333, 2.5]
          , [3.1666666666666665, 2.5] ]
Vec 3 [2, 0, 1]
Vec 7 [0, 1, 2, 3, 4, 5, 6]
Vec 7 [3, 4, 5, 6, 7, 8, 9]
Arr (3×2) [ [1, 0]
          , [0, 1]
          , [4, 2] ]
Arr (3×2) [ [1, 0]
          , [0, 1]
          , [4, 2] ]
Vec 4 [3.0, 4.0, 5.0, 6.0]
Vec 4 [3.0, 4.0, 5.0, 6.0]
Vec 4 [3.0, 4.0, 5.0, 6.0]
Vec 4 [6, 7, 8, 9]
Vec 7 [0, 1, 2, 3, 4, 5, 6]
Vec 7 [0, 1, 2, 3, 4, 5, 6]
Vec 9 [0, 1, 2, 3, 5, 6, 7, 8, 9]
Vec 9 [0, 1, 2, 3, 5, 6, 7, 8, 9]
Vec 10 [0, 1, 2, 3, 4, 5, 6, 7, 8, 9]
Vec 4 [1, 2, 3, 4]
Arr (5×2) [ [0.0, 1.0]
          , [2.0, 3.0]
          , [4.0, 5.0]
          , [6.0, 7.0]
          , [8.0, 9.0] ]
Arr (2×3) [ [1.0, 1.0, 2.0]
          , [3.0, 1.0, 0.0] ]
